=== E2E AUTH FLOW TEST ===

[1] Health: OK
[2] Signup: OK (onboarded=False)
[3] Onboard: OK (onboarded=True)
[4] Verify: OK (onboarded=True)
[5] Login: OK (onboarded=True)

=== TESTS COMPLETE ===
